---
source: src/tui/ui.rs
assertion_line: 2273
expression: "render(&a, 80, 30).backend()"
---
" tryout  demo                                                       3 worktrees "
"╭ Worktrees ────────────── + new ╮╭ main https://demo.ddev.site ───────────────╮"
"│ ● main                         ││ +                                          │"
"│   main · 32d1f51               ││                                            │"
"│   PHP 8.4 · MariaDB            ││  where    main                             │"
"│ ◆ v13 ╭ New worktree ────────────────────────────────────────────────╮an t…  │"
"│   13.4│ Name                                                         │       │"
"│   PHP │   fix-9▏                                                     │       │"
"│ ○ bugf│   becomes worktrees/<name> — letters, digits, . _ -          │       │"
"│   main│                                                              │)      │"
"│   not │ Based on                                                     │       │"
"│       │   › main                                                     │e      │"
"│       │     13.4                                                     │       │"
"│       │     12.4                                                     │       │"
"│       │                                                              │       │"
"│       │ [x] Serve it now (its own URL, the best PHP it accepts)      │       │"
"│       │                                                              │       │"
"│       ╰──────────────────────────────────────────────────────────────╯       │"
"│                                ││                                            │"
"│                                ││                                            │"
"│                                ││                                            │"
"│                                ││                                            │"
"│                                ││                                            │"
"│                                ││                                            │"
"│                                ││                                            │"
"│                                ││                                            │"
"│                                ││                                            │"
"│                                ││                                            │"
"╰────────────────────────────────╯╰────────────────────────────────────────────╯"
" tab next field   ↑↓ choose   space tick   ⏎ go   esc cancel                    "
