---
source: src/tui/ui.rs
assertion_line: 2154
expression: "render(&a, 100, 30).backend()"
---
" tryout  demo                                                                           3 worktrees "
"╭ Worktrees ────────────── + new ╮╭ v13 https://v13.demo.ddev.site ────────────────────────────────╮"
"│ ● main                         ││ +                                                              │"
"│   main · 32d1f51               ││                                                                │"
"│   P╭ v13 ─────────────────────────────────────────────────────╮╭─────────────────────────╮       │"
"│ ◆ v│ PHP 8.4                        applies at once        ▸  ││   PHP 8.2               │       │"
"│   1│ Database: MariaDB              switch the type        ▸  ││   PHP 8.3               │       │"
"│   P│ Open site                      in the browser            ││ ✓ PHP 8.4  running now  │       │"
"│ ○ b│ Open backend                   /typo3/ in the browser    │╰─────────────────────────╯       │"
"│   m│ Make primary                   at the project URL        │ev.site                           │"
"│   n│ Unserve                        keeps its database        │ariaDB)                           │"
"│    │ Unserve and drop its database                            │                                  │"
"│    │──────────────────────────────────────────────────────────│worktree                          │"
"│    │ Update from its base branch                              │                                  │"
"│    │ Switch TYPO3 version…                                    │                                  │"
"│    │ Apply Gerrit patch…            browse open changes       │                                  │"
"│    │ Reset Core + rebuild                                     │                                  │"
"│    │──────────────────────────────────────────────────────────│                                  │"
"│    │ Run command…                   in its PHP and DB         │                                  │"
"│    │ Fresh install…                 wipes DB + fileadmin      │                                  │"
"│    │──────────────────────────────────────────────────────────│                                  │"
"│    │ Rename…                        branch untouched          │                                  │"
"│    │ Remove…                        deletes the checkout      │                                  │"
"│    ╰──────────────────────────────────────────────────────────╯                                  │"
"│                                ││                                                                │"
"│                                ││                                                                │"
"│                                ││                                                                │"
"│                                ││                                                                │"
"╰────────────────────────────────╯╰────────────────────────────────────────────────────────────────╯"
" ↑↓ select   ⏎ run   esc cancel                                                                     "
