---
source: src/tui/ui.rs
assertion_line: 1848
expression: "render(&a, 90, 24).backend()"
---
" tryout  demo                                                                 3 worktrees "
"╭ Worktrees ────────────── + new ╮╭ main https://demo.ddev.site ─────────────────────────╮"
"│ ● main                         ││ +                                                    │"
"│   main · 32d1f51               ││                                                      │"
"│   PHP 8.4 · MariaDB            ││  where    main                                       │"
"│ ◆ v13                         ±││  head     32d1f51 [TASK] Raise phpstan to 2.1.17     │"
"│   13.4 #91234 +1 · 32d1f51     ││  changes  clean                                      │"
"│   PHP 8.4 · MariaDB            ││  dir      project root                               │"
"│ ○ bugfix     ╭ Password needed ─────────────────────────────────────────╮              │"
"│   main · 32d1│ Serve v13 asks:                                          │              │"
"│   not served │ Password:                                                │              │"
"│              │                                                          │              │"
"│              │   •••••••▏                                               │              │"
"│              │                                                          │              │"
"│              │ Sent to that command only — never stored or logged.      │              │"
"│              ╰──────────────────────────────────────────────────────────╯              │"
"│                                ││                                                      │"
"│                                ││                                                      │"
"│                                ││                                                      │"
"│                                ││                                                      │"
"│                                ││                                                      │"
"│                                ││                                                      │"
"╰────────────────────────────────╯╰──────────────────────────────────────────────────────╯"
" ⏎ send   esc cancel the command                                                          "
