---
source: src/tui/ui.rs
expression: "render(&a, 120, 24).backend()"
---
" tryout  demo                                                                                               3 worktrees "
"╭ Worktrees ────────────── + new ╮╭ main https://demo.ddev.site ───────────────────────────────────────────────────────╮"
"│ ● main                         ││ +                                                                                  │"
"│   main · 32d1f51               ││                                                                                    │"
"│   PHP 8.4 · MariaDB 11.8       ││  where    main                                                                     │"
"│ ◆ v╭ Open a pull request as a served worktree ──────────────────────────────────────────────────────────────────╮    │"
"│   1│ Open pull requests of origin                                                                               │    │"
"│   P│   search ▏                                                                                                 │    │"
"│ ○ b│   [ ] 42     feat/wishl…  Add a wishlist to the shop                               ada                     │    │"
"│   m│   [ ] 41     perf/check…  Draft Faster checkout                                    ben                     │    │"
"│   n│   ‹ previous   page 1 · 1–2   next ›                                                                       │    │"
"│    │                                                                                                            │    │"
"│    ╰────────────────────────────────────────────────────────────────────────────────────────────────────────────╯    │"
"│                                ││                                                                                    │"
"│                                ││                                                                                    │"
"│                                ││                                                                                    │"
"│                                ││                                                                                    │"
"│                                ││                                                                                    │"
"│                                ││                                                                                    │"
"│                                ││                                                                                    │"
"│                                ││                                                                                    │"
"│                                ││                                                                                    │"
"╰────────────────────────────────╯╰────────────────────────────────────────────────────────────────────────────────────╯"
" type search pull requests   ↓ tab to the list   ⏎ open as a worktree   esc cancel                                      "
