---
source: src/tui/ui.rs
assertion_line: 2150
expression: "render(&a, 80, 24).backend()"
---
" tryout  demo                                                       3 worktrees "
"╭ Worktrees ────────────── + new ╮╭ v13 https://v13.demo.ddev.site ────────────╮"
"│ ● main            ╭ v13 ─────────────────────────────────────────────────────╮"
"│   main · 32d1f51  │ Database: MariaDB 11.8         switch type or version ▸  │"
"│   PHP 8.4 · MariaD│ Open site                      in the browser            │"
"│ ◆ v13             │ Open backend                   /typo3/ in the browser    │"
"│   13.4 #91234 +1 ·│ Make primary                   at the project URL        │"
"│   PHP 8.4 · MariaD│ Unserve                        keeps its database        │"
"│ ○ bugfix          │ Unserve and drop its database                            │"
"│   main · 32d1f51  │──────────────────────────────────────────────────────────│"
"│   not served      │ Update from its base branch                              │"
"│                   │ Switch TYPO3 version…                                    │"
"│                   │ Apply Gerrit patch…            browse open changes       │"
"│                   │ Reset Core + rebuild                                     │"
"│                   │──────────────────────────────────────────────────────────│"
"│                   │ Run command…                   in its PHP and DB         │"
"│                   │ Fresh install…                 wipes DB + fileadmin      │"
"│                   │──────────────────────────────────────────────────────────│"
"│                   │ Rename…                        branch untouched          │"
"│                   │ Remove…                        deletes the checkout      │"
"│                   │──────────────────────────────────────────────────────────│"
"│                   │ Status                         project overview          │"
"╰───────────────────│ Regenerate the overlay         composer.tryout.json      │"
" ↑↓ select   ⏎ run  ╰──────────────────────────────────────────────────────────╯"
