---
source: src/ui.rs
expression: "render(&a, 60, 12).backend()"
---
" tryout  demo                                               "
"╭ Worktrees ─────────────────╮╭────────────────────────────╮"
"│ Loading worktrees…         ││                            │"
"│                            ││                            │"
"│                            ││                            │"
"│                            ││                            │"
"│                            ││                            │"
"│                            ││                            │"
"│                            ││                            │"
"│                            ││                            │"
"╰────────────────────────────╯╰────────────────────────────╯"
" ↑↓ select   ⏎ shell   r reload   q quit                    "
