---
source: src/ui.rs
expression: "render(&loaded(), 200, 50).backend()"
---
" tryout  demo                                                                                                                                                                               3 worktrees "
"╭ Worktrees ─────────────────────╮╭ main https://demo.ddev.site ───────────────────────────────────────────────────────────────────────────────────────────────────────────────────────────────────────╮"
"│ ● main                         ││                                                                                                                                                                    │"
"│   main · 32d1f51               ││  branch   main                                                                                                                                                     │"
"│ ◆ v13                         ±││  head     32d1f513a57                                                                                                                                              │"
"│   detached · 32d1f51           ││  state    clean                                                                                                                                                    │"
"│ ○ bugfix                       ││  dir      project root                                                                                                                                             │"
"│   detached · 32d1f51           ││  site     https://demo.ddev.site                                                                                                                                   │"
"│                                ││  runtime  PHP 8.4 · db_main                                                                                                                                        │"
"│                                ││                                                                                                                                                                    │"
"│                                ││  Enter  open a shell in this worktree                                                                                                                              │"
"│                                ││                                                                                                                                                                    │"
"│                                ││                                                                                                                                                                    │"
"│                                ││                                                                                                                                                                    │"
"│                                ││                                                                                                                                                                    │"
"│                                ││                                                                                                                                                                    │"
"│                                ││                                                                                                                                                                    │"
"│                                ││                                                                                                                                                                    │"
"│                                ││                                                                                                                                                                    │"
"│                                ││                                                                                                                                                                    │"
"│                                ││                                                                                                                                                                    │"
"│                                ││                                                                                                                                                                    │"
"│                                ││                                                                                                                                                                    │"
"│                                ││                                                                                                                                                                    │"
"│                                ││                                                                                                                                                                    │"
"│                                ││                                                                                                                                                                    │"
"│                                ││                                                                                                                                                                    │"
"│                                ││                                                                                                                                                                    │"
"│                                ││                                                                                                                                                                    │"
"│                                ││                                                                                                                                                                    │"
"│                                ││                                                                                                                                                                    │"
"│                                ││                                                                                                                                                                    │"
"│                                ││                                                                                                                                                                    │"
"│                                ││                                                                                                                                                                    │"
"│                                ││                                                                                                                                                                    │"
"│                                ││                                                                                                                                                                    │"
"│                                ││                                                                                                                                                                    │"
"│                                ││                                                                                                                                                                    │"
"│                                ││                                                                                                                                                                    │"
"│                                ││                                                                                                                                                                    │"
"│                                ││                                                                                                                                                                    │"
"│                                ││                                                                                                                                                                    │"
"│                                ││                                                                                                                                                                    │"
"│                                ││                                                                                                                                                                    │"
"│                                ││                                                                                                                                                                    │"
"│                                ││                                                                                                                                                                    │"
"│                                ││                                                                                                                                                                    │"
"│                                ││                                                                                                                                                                    │"
"╰────────────────────────────────╯╰────────────────────────────────────────────────────────────────────────────────────────────────────────────────────────────────────────────────────────────────────╯"
" ↑↓ select   ⏎ shell   r reload   q quit                                                                                                                                                                "
